


ARM Macro Assembler    Page 1 


    1 00000000                 AREA             PROGRAM,CODE,READONLY
    2 00000000         ENTRY
    3 00000000 E59F0014        LDR              R0,=STRING
    4 00000004         LOOP
    5 00000004 E4D01001        LDRB             R1,[R0],#0X01
    6 00000008 E3510000        CMP              R1,#0X00
    7 0000000C 12822001        ADDNE            R2,R2,#0X01
    8 00000010 1AFFFFFB        BNE              LOOP
    9 00000014 E1A04002        MOV              R4,R2
   10 00000018 EF000011        SWI              &11
   11 0000001C 00000000        AREA             PROGRAM,DATA,READONLY
   12 00000020 44 49 56 
              49 4A 41 STRING  DCB              "DIVIJA"
   13 00000026                 END
Command Line: --debug --xref --diag_suppress=9931 --bi --apcs=interwork --depen
d=.\objects\count_string.d -o.\objects\count_string.o -IC:\Keil_v5\ARM\RV31\INC
 -IC:\Keil_v5\ARM\CMSIS\Include --predefine="__EVAL SETA 1" --predefine="__UVIS
ION_VERSION SETA 525" --list=.\listings\count_string.lst count_string.asm



ARM Macro Assembler    Page 1 Alphabetic symbol ordering
Relocatable symbols

ENTRY 00000000

Symbol: ENTRY
   Definitions
      At line 2 in file count_string.asm
   Uses
      None
Comment: ENTRY unused
LOOP 00000004

Symbol: LOOP
   Definitions
      At line 4 in file count_string.asm
   Uses
      At line 8 in file count_string.asm
Comment: LOOP used once
PROGRAM 00000000

Symbol: PROGRAM
   Definitions
      At line 1 in file count_string.asm
   Uses
      None
Comment: PROGRAM unused
STRING 00000020

Symbol: STRING
   Definitions
      At line 12 in file count_string.asm
   Uses
      At line 3 in file count_string.asm
Comment: STRING used once
4 symbols
338 symbols in table
