Component: ARM Compiler 5.06 update 6 (build 750) Tool: armlink [4d35ed]

==============================================================================

Section Cross References



==============================================================================

Image Symbol Table

    Local Symbols

    Symbol Name                              Value     Ov Type        Size  Object(Section)

    PROGRAM                                  0x00000000   Section       56  fibonacci.o(PROGRAM)
    fibonacci.asm                            0x00000000   Number         0  fibonacci.o ABSOLUTE

    Global Symbols

    Symbol Name                              Value     Ov Type        Size  Object(Section)

    BuildAttributes$$THM_ISAv1$ARM_ISAv4$S$PE$A:L22$X:L11$S22$IEEE1$IW$USESV6$~STKCKD$USESV7$~SHL$OSPACE$EBA8$STANDARDLIB$PRES8$EABIv2 0x00000000   Number         0  anon$$obj.o ABSOLUTE



==============================================================================

Memory Map of the image

  Image Entry point : 0x00000000

  Load Region LR_1 (Base: 0x00000000, Size: 0x00000038, Max: 0xffffffff, ABSOLUTE)

    Execution Region ER_RO (Exec base: 0x00000000, Load base: 0x00000000, Size: 0x00000038, Max: 0xffffffff, ABSOLUTE)

    Exec Addr    Load Addr    Size         Type   Attr      Idx    E Section Name        Object

    0x00000000   0x00000000   0x00000038   Code   RO            1  * PROGRAM             fibonacci.o


    Execution Region ER_RW (Exec base: 0x00000000, Load base: 0x00000038, Size: 0x00000000, Max: 0xffffffff, ABSOLUTE)

    **** No section assigned to this execution region ****


    Execution Region ER_ZI (Exec base: 0x00000000, Load base: 0x00000038, Size: 0x00000000, Max: 0xffffffff, ABSOLUTE)

    **** No section assigned to this execution region ****


==============================================================================

Image component sizes


      Code (inc. data)   RO Data    RW Data    ZI Data      Debug   Object Name

        56         16          0          0          0        240   fibonacci.o

    ----------------------------------------------------------------------
        56         16          0          0          0        240   Object Totals
         0          0          0          0          0          0   (incl. Generated)
         0          0          0          0          0          0   (incl. Padding)

    ----------------------------------------------------------------------
         0          0          0          0          0          0   Library Totals
         0          0          0          0          0          0   (incl. Padding)

    ----------------------------------------------------------------------

==============================================================================


      Code (inc. data)   RO Data    RW Data    ZI Data      Debug   

        56         16          0          0          0        240   Grand Totals
        56         16          0          0          0        240   ELF Image Totals
        56         16          0          0          0          0   ROM Totals

==============================================================================

    Total RO  Size (Code + RO Data)                   56 (   0.05kB)
    Total RW  Size (RW Data + ZI Data)                 0 (   0.00kB)
    Total ROM Size (Code + RO Data + RW Data)         56 (   0.05kB)

==============================================================================

