


ARM Macro Assembler    Page 1 


    1 00000000                 AREA             PROGRAM,CODE,READONLY
    2 00000000         ENTRY
    3 00000000 E59F0020        LDR              R0,VALUE1
    4 00000004 E59F1020        LDR              R1,VALUE2
    5 00000008 E59F2020        LDR              R2,VALUE3
    6 0000000C E59F4020        LDR              R4,VALUE4
    7 00000010         LOOP
    8 00000010 E0823001        ADD              R3,R2,R1
    9 00000014 E1A01002        MOV              R1,R2
   10 00000018 E1A02003        MOV              R2,R3
   11 0000001C E2844001        ADD              R4,#0x01
   12 00000020 E1540000        CMP              R4,R0
   13 00000024 1AFFFFF9        BNE              LOOP
   14 00000028                 AREA             PROGRAM,DATA,READONLY
   15 00000028 00000005 
                       VALUE1  DCD              &00000005
   16 0000002C 00000000 
                       VALUE2  DCD              &00000000
   17 00000030 00000001 
                       VALUE3  DCD              &00000001
   18 00000034 00000000 
                       VALUE4  DCD              &00000000
   19 00000038                 END
Command Line: --debug --xref --diag_suppress=9931 --bi --apcs=interwork --depen
d=.\objects\fibonacci.d -o.\objects\fibonacci.o -IC:\Keil_v5\ARM\RV31\INC -IC:\
Keil_v5\ARM\CMSIS\Include --predefine="__EVAL SETA 1" --predefine="__UVISION_VE
RSION SETA 525" --list=.\listings\fibonacci.lst fibonacci.asm



ARM Macro Assembler    Page 1 Alphabetic symbol ordering
Relocatable symbols

ENTRY 00000000

Symbol: ENTRY
   Definitions
      At line 2 in file fibonacci.asm
   Uses
      None
Comment: ENTRY unused
LOOP 00000010

Symbol: LOOP
   Definitions
      At line 7 in file fibonacci.asm
   Uses
      At line 13 in file fibonacci.asm
Comment: LOOP used once
PROGRAM 00000000

Symbol: PROGRAM
   Definitions
      At line 1 in file fibonacci.asm
   Uses
      None
Comment: PROGRAM unused
VALUE1 00000028

Symbol: VALUE1
   Definitions
      At line 15 in file fibonacci.asm
   Uses
      At line 3 in file fibonacci.asm
Comment: VALUE1 used once
VALUE2 0000002C

Symbol: VALUE2
   Definitions
      At line 16 in file fibonacci.asm
   Uses
      At line 4 in file fibonacci.asm
Comment: VALUE2 used once
VALUE3 00000030

Symbol: VALUE3
   Definitions
      At line 17 in file fibonacci.asm
   Uses
      At line 5 in file fibonacci.asm
Comment: VALUE3 used once
VALUE4 00000034

Symbol: VALUE4
   Definitions
      At line 18 in file fibonacci.asm
   Uses
      At line 6 in file fibonacci.asm
Comment: VALUE4 used once
7 symbols
339 symbols in table
