


ARM Macro Assembler    Page 1 


    1 00000000                 AREA             PROGRAM,CODE,READONLY
    2 00000000         ENTRY
    3 00000000 E59F000C        LDR              R0,VALUE1
    4 00000004 E59F100C        LDR              R1,VALUE2
    5 00000008 E1500001        CMP              R0,R1
    6 0000000C C1A02000        MOVGT            R2,R0
    7 00000010 D1A02001        MOVLE            R2,R1
    8 00000014                 AREA             PROGRAM,DATA,READONLY
    9 00000014 00000002 
                       VALUE1  DCD              &00000002
   10 00000018 00000004 
                       VALUE2  DCD              &00000004
   11 0000001C                 END
Command Line: --debug --xref --diag_suppress=9931 --bi --apcs=interwork --depen
d=.\objects\greater.d -o.\objects\greater.o -IC:\Keil_v5\ARM\RV31\INC -IC:\Keil
_v5\ARM\CMSIS\Include --predefine="__EVAL SETA 1" --predefine="__UVISION_VERSIO
N SETA 525" --list=.\listings\greater.lst GREATER.ASM



ARM Macro Assembler    Page 1 Alphabetic symbol ordering
Relocatable symbols

ENTRY 00000000

Symbol: ENTRY
   Definitions
      At line 2 in file GREATER.ASM
   Uses
      None
Comment: ENTRY unused
PROGRAM 00000000

Symbol: PROGRAM
   Definitions
      At line 1 in file GREATER.ASM
   Uses
      None
Comment: PROGRAM unused
VALUE1 00000014

Symbol: VALUE1
   Definitions
      At line 9 in file GREATER.ASM
   Uses
      At line 3 in file GREATER.ASM
Comment: VALUE1 used once
VALUE2 00000018

Symbol: VALUE2
   Definitions
      At line 10 in file GREATER.ASM
   Uses
      At line 4 in file GREATER.ASM
Comment: VALUE2 used once
4 symbols
336 symbols in table
