


ARM Macro Assembler    Page 1 


    1 00000000                 AREA             PROGRAM,CODE,READONLY
    2 00000000         ENTRY
    3 00000000 E59F0004        LDR              R0,VALUE1
    4 00000004 E1E02001        MVN              R2,R1
    5 00000008 E2824001        ADD              R4,R2,#1
    6 0000000C                 AREA             PROGRAM,DATA,READONLY
    7 0000000C 00000002 
                       VALUE1  DCD              &00000002
    8 00000010                 END
Command Line: --debug --xref --diag_suppress=9931 --bi --apcs=interwork --depen
d=.\objects\mul_table.d -o.\objects\mul_table.o -IC:\Keil_v5\ARM\RV31\INC -IC:\
Keil_v5\ARM\CMSIS\Include --predefine="__EVAL SETA 1" --predefine="__UVISION_VE
RSION SETA 525" --list=.\listings\mul_table.lst mul_table.asm



ARM Macro Assembler    Page 1 Alphabetic symbol ordering
Relocatable symbols

ENTRY 00000000

Symbol: ENTRY
   Definitions
      At line 2 in file mul_table.asm
   Uses
      None
Comment: ENTRY unused
PROGRAM 00000000

Symbol: PROGRAM
   Definitions
      At line 1 in file mul_table.asm
   Uses
      None
Comment: PROGRAM unused
VALUE1 0000000C

Symbol: VALUE1
   Definitions
      At line 7 in file mul_table.asm
   Uses
      At line 3 in file mul_table.asm
Comment: VALUE1 used once
3 symbols
335 symbols in table
