


ARM Macro Assembler    Page 1 


    1 00000000                 AREA             PROGRAM,CODE,READONLY
    2 00000000         ENTRY
    3 00000000 E59F0000        LDR              R0,VALUE1
    4 00000004 E1E01000        MVN              R1,R0
    5 00000008                 AREA             PROGRAM,DATA,READONLY
    6 00000008 00000002 
                       VALUE1  DCD              &000000002
    7 0000000C                 END
Command Line: --debug --xref --diag_suppress=9931 --bi --apcs=interwork --depen
d=.\objects\one_comp.d -o.\objects\one_comp.o -IC:\Keil_v5\ARM\RV31\INC -IC:\Ke
il_v5\ARM\CMSIS\Include --predefine="__EVAL SETA 1" --predefine="__UVISION_VERS
ION SETA 525" --list=.\listings\one_comp.lst ONE_COMP.ASM



ARM Macro Assembler    Page 1 Alphabetic symbol ordering
Relocatable symbols

ENTRY 00000000

Symbol: ENTRY
   Definitions
      At line 2 in file ONE_COMP.ASM
   Uses
      None
Comment: ENTRY unused
PROGRAM 00000000

Symbol: PROGRAM
   Definitions
      At line 1 in file ONE_COMP.ASM
   Uses
      None
Comment: PROGRAM unused
VALUE1 00000008

Symbol: VALUE1
   Definitions
      At line 6 in file ONE_COMP.ASM
   Uses
      At line 3 in file ONE_COMP.ASM
Comment: VALUE1 used once
3 symbols
335 symbols in table
